// Jest Snapshot v1, https://goo.gl/fbAQLP

exports[`Renderer register custom component 1`] = `
<h1>
  Test
</h1>
<p>
  This is test MDX.
</p>
<img src="data:image/svg+xml;base64,PCEtLT94bWwgdmVyc2lvbj0iMS4wIiBlbmNvZGluZz0iVVRGLTgiIHN0YW5kYWxvbmU9Im5vIj8tLT4KCjxzdmcgd2lkdGg9IjE1MnB0IiBoZWlnaHQ9IjExNnB0IiB2aWV3Qm94PSIwLjAwIDAuMDAgMTUyLjQ0IDExNi4wMCIgeG1sbnM9Imh0dHA6Ly93d3cudzMub3JnLzI=">
`;

exports[`Renderer renderToHTML Digraph 1`] = `
<h1>
  Test
</h1>
<p>
  This is test MDX.
</p>
<img src="data:image/svg+xml;base64,PCEtLT94bWwgdmVyc2lvbj0iMS4wIiBlbmNvZGluZz0iVVRGLTgiIHN0YW5kYWxvbmU9Im5vIj8tLT4KCjxzdmcgd2lkdGg9IjE1MnB0IiBoZWlnaHQ9IjExNnB0IiB2aWV3Qm94PSIwLjAwIDAuMDAgMTUyLjQ0IDExNi4wMCIgeG1sbnM9Imh0dHA6Ly93d3cudzMub3JnLzI=">
`;

exports[`Renderer renderToHTML Graph 1`] = `
<h1>
  Test
</h1>
<p>
  This is test MDX.
</p>
<img src="data:image/svg+xml;base64,PCEtLT94bWwgdmVyc2lvbj0iMS4wIiBlbmNvZGluZz0iVVRGLTgiIHN0YW5kYWxvbmU9Im5vIj8tLT4KCjxzdmcgd2lkdGg9IjE1MnB0IiBoZWlnaHQ9IjExNnB0IiB2aWV3Qm94PSIwLjAwIDAuMDAgMTUyLjQ0IDExNi4wMCIgeG1sbnM9Imh0dHA6Ly93d3cudzMub3JnLzI=">
`;
