// Jest Snapshot v1, https://goo.gl/fbAQLP

exports[`Renderer register custom component 1`] = `
<h1>
  Test
</h1>
<p>
  This is test MDX.
</p>
<img src="data:image/png;base64,dGVzdA==">
`;

exports[`Renderer renderToHTML Digraph 1`] = `
<h1>
  Test
</h1>
<p>
  This is test MDX.
</p>
<img src="data:image/png;base64,dGVzdA==">
`;

exports[`Renderer renderToHTML Graph 1`] = `
<h1>
  Test
</h1>
<p>
  This is test MDX.
</p>
<img src="data:image/png;base64,dGVzdA==">
`;
